Microchip MPLAB XC8 Compiler V2.35

Linker command line:

-W-3 --edf=C:\Program Files\Microchip\xc8\v2.35\pic\dat\en_msgs.txt -cn \
  -h+dist/default/production\Manejo_adc.X.production.sym \
  --cmf=dist/default/production\Manejo_adc.X.production.cmf -z -Q16F877A \
  -oC:\Users\cesar\AppData\Local\Temp\xcAs7qg.4 --defsym=__MPLAB_BUILD=1 \
  -Mdist/default/production/Manejo_adc.X.production.map \
  --md=C:\Users\cesar\AppData\Local\Temp\xcAs7qg.dat -E1 -ver=XC8 Compiler \
  --acfsm=1493 -ACODE=00h-07FFhx4 -ASTRCODE=00h-01FFFh -ASTRING=00h-0FFhx32 \
  -ACONST=00h-0FFhx32 -AENTRY=00h-0FFhx32 -ACOMMON=070h-07Fh \
  -ABANK0=020h-06Fh -ABANK1=0A0h-0EFh -ABANK2=0110h-016Fh \
  -ABANK3=0190h-01EFh -ARAM=020h-06Fh,0A0h-0EFh,0110h-016Fh,0190h-01EFh \
  -AABS1=020h-07Fh,0A0h-0EFh,0110h-016Fh,0190h-01EFh -ASFR0=00h-01Fh \
  -ASFR1=080h-09Fh -ASFR2=0100h-010Fh -ASFR3=0180h-018Fh \
  -ACONFIG=02007h-02007h -DCONFIG=2 -AIDLOC=02000h-02003h -DIDLOC=2 \
  -AEEDATA=00h-0FFh/02100h -peeprom_data=EEDATA -DEEDATA=2 -DCODE=2 \
  -DSTRCODE=2 -DSTRING=2 -DCONST=2 -DENTRY=2 \
  -preset_vec=00h,intentry,init,end_init -ppowerup=CODE -pcinit=CODE \
  -pfunctab=ENTRY -k C:\Users\cesar\AppData\Local\Temp\xcAs7qg.o \
  dist/default/production\Manejo_adc.X.production.o 

Object code version is 3.11

Machine type is 16F877A



                Name                               Link     Load   Length Selector   Space Scale
C:\Users\cesar\AppData\Local\Temp\xcAs7qg.o
                end_init                              0        0        3        0       0
                config                             2007     2007        1        0       4
                idloc                              2000     2000        4        0       5
dist/default/production\Manejo_adc.X.production.o
                cinit                               7FC      7FC        4      FF8       0
                text1_split_1                       17A      17A      682      2F4       0
                config                             2007     2007        1        0       4
                idloc                              2000     2000        4        0       5
                text29                             1926     1926       22     324C       0
                text28                             18EB     18EB       1A     31D6       0
                text27                             1B47     1B47       5D     368E       0
                text26                             1A46     1A46       52     348C       0
                text25                             1991     1991       37     3322       0
                text24                             1905     1905       21     320A       0
                text23                             1E23     1E23      1DD     3C46       0
                text22                                3        3       4E        0       0
                text21                             1C0A     1C0A       A2     3814       0
                text20                             18CE     18CE        B     319C       0
                text19                             129D     129D      288     253A       0
                text18                             1948     1948       24     3290       0
                text17                              806      806       7C     100C       0
                text16                             1BA4     1BA4       66     3748       0
                text15                             1A98     1A98       56     3530       0
                text14                             196C     196C       25     32D8       0
                text13                             1CAC     1CAC       BA     3958       0
                text12                              882      882       BE     1104       0
                text11                             1D66     1D66       BD     3ACC       0
                text10                             1002     1002       27     2004       0
                text9                               C9F      C9F      361     193E       0
                text8                              1A02     1A02       44     3404       0
                text7                              19C8     19C8       3A     3390       0
                text6                              1092     1092      20B     2124       0
                text5                              18D9     18D9       12     31B2       0
                text4                              1029     1029       69     2052       0
                text3                              1AEE     1AEE       59     35DC       0
                text2                               940      940      35F     1280       0
                text1                              1525     1525      2DB     2A4A       0
                maintext                             51       51      129       A2       0
                cstackBANK0                          20       20       4E       20       1
                cstackCOMMON                         70       70        E       70       1
                cstackBANK1                          A0       A0       40       A0       1
                strings                            1800     1800       B0     3000       0

TOTAL           Name                               Link     Load   Length     Space
        CLASS   CODE           
                end_init                              0        0        3         0
                cinit                               7FC      7FC        4         0
                text1_split_1                       17A      17A      682         0
                text29                             1926     1926       22         0
                text28                             18EB     18EB       1A         0
                text27                             1B47     1B47       5D         0
                text26                             1A46     1A46       52         0
                text25                             1991     1991       37         0
                text24                             1905     1905       21         0
                text23                             1E23     1E23      1DD         0
                text22                                3        3       4E         0
                text21                             1C0A     1C0A       A2         0
                text20                             18CE     18CE        B         0
                text19                             129D     129D      288         0
                text18                             1948     1948       24         0
                text17                              806      806       7C         0
                text16                             1BA4     1BA4       66         0
                text15                             1A98     1A98       56         0
                text14                             196C     196C       25         0
                text13                             1CAC     1CAC       BA         0
                text12                              882      882       BE         0
                text11                             1D66     1D66       BD         0
                text10                             1002     1002       27         0
                text9                               C9F      C9F      361         0
                text8                              1A02     1A02       44         0
                text7                              19C8     19C8       3A         0
                text6                              1092     1092      20B         0
                text5                              18D9     18D9       12         0
                text4                              1029     1029       69         0
                text3                              1AEE     1AEE       59         0
                text2                               940      940      35F         0
                text1                              1525     1525      2DB         0
                maintext                             51       51      129         0

        CLASS   STRCODE        

        CLASS   STRING         
                strings                            1800     1800       B0         0

        CLASS   CONST          

        CLASS   ENTRY          

        CLASS   COMMON         
                cstackCOMMON                         70       70        E         1

        CLASS   BANK0          
                cstackBANK0                          20       20       4E         1

        CLASS   BANK1          
                cstackBANK1                          A0       A0       40         1

        CLASS   BANK2          

        CLASS   BANK3          

        CLASS   RAM            

        CLASS   ABS1           
                abs_s1                               7E       7E        2         1

        CLASS   SFR0           

        CLASS   SFR1           

        CLASS   SFR2           

        CLASS   SFR3           

        CLASS   CONFIG         
                config                             2007     2007        1         4

        CLASS   IDLOC          
                idloc                              2000     2000        4         5

        CLASS   EEDATA         

        CLASS   STACK          



SEGMENTS        Name                           Load    Length   Top    Selector   Space  Class     Delta

                reset_vec                      000000  000051  000051         0       0  CODE        2
                cstackBANK0                    000020  00004E  00006E        20       1  BANK0       1
                cstackCOMMON                   000070  00000E  00007E        70       1  COMMON      1
                cstackBANK1                    0000A0  000040  0000E0        A0       1  BANK1       1
                maintext                       000051  000129  00017A        A2       0  CODE        2
                text1_split_1                  00017A  000682  0007FC       2F4       0  CODE        2
                cinit                          0007FC  000004  000800       FF8       0  CODE        2
                text17                         000806  00007C  000882      100C       0  CODE        2
                text12                         000882  0000BE  000940      1104       0  CODE        2
                text2                          000940  00035F  000C9F      1280       0  CODE        2
                text9                          000C9F  000361  001000      193E       0  CODE        2
                text10                         001002  000027  001029      2004       0  CODE        2
                text4                          001029  000069  001092      2052       0  CODE        2
                text6                          001092  00020B  00129D      2124       0  CODE        2
                text19                         00129D  000288  001525      253A       0  CODE        2
                text1                          001525  0002DB  001800      2A4A       0  CODE        2
                strings                        001800  0000B0  0018B0      3000       0  STRING      2
                text20                         0018CE  00000B  0018D9      319C       0  CODE        2
                text5                          0018D9  000012  0018EB      31B2       0  CODE        2
                text28                         0018EB  00001A  001905      31D6       0  CODE        2
                text24                         001905  000021  001926      320A       0  CODE        2
                text29                         001926  000022  001948      324C       0  CODE        2
                text18                         001948  000024  00196C      3290       0  CODE        2
                text14                         00196C  000025  001991      32D8       0  CODE        2
                text25                         001991  000037  0019C8      3322       0  CODE        2
                text7                          0019C8  00003A  001A02      3390       0  CODE        2
                text8                          001A02  000044  001A46      3404       0  CODE        2
                text26                         001A46  000052  001A98      348C       0  CODE        2
                text15                         001A98  000056  001AEE      3530       0  CODE        2
                text3                          001AEE  000059  001B47      35DC       0  CODE        2
                text27                         001B47  00005D  001BA4      368E       0  CODE        2
                text16                         001BA4  000066  001C0A      3748       0  CODE        2
                text21                         001C0A  0000A2  001CAC      3814       0  CODE        2
                text13                         001CAC  0000BA  001D66      3958       0  CODE        2
                text11                         001D66  0000BD  001E23      3ACC       0  CODE        2
                text23                         001E23  0001DD  002000      3C46       0  CODE        2


UNUSED ADDRESS RANGES

        Name                Unused          Largest block    Delta
        BANK0            0006E-0006F               2           1
        BANK1            000E0-000EF              10           1
        BANK2            00110-0016F              60           1
        BANK3            00190-001EF              60           1
        CODE             00800-00805               6           2
                         01000-01001               2
                         018B0-018CD              1E
        CONST            00800-00805               6           2
                         01000-01001               2
                         018B0-018CD              1E
        EEDATA           02100-021FF             100           2
        ENTRY            00800-00805               6           2
                         01000-01001               2
                         018B0-018CD              1E
        RAM              0006E-0006F               2           1
                         000E0-000EF              10
                         00110-0016F              60
                         00190-001EF              60
        SFR0             00000-0001F              20           1
        SFR1             00080-0009F              20           1
        SFR2             00100-0010F              10           1
        SFR3             00180-0018F              10           1
        STRCODE          00800-00805               6           2
                         01000-01001               2
                         018B0-018CD              1E
        STRING           00800-00805               6           2
                         01000-01001               2
                         018B0-018CD              1E

                                  Symbol Table

?__Umul8_16               cstackCOMMON 00070
?___awdiv                 cstackCOMMON 00077
?___awmod                 cstackCOMMON 00070
?___fladd                 cstackBANK0  00052
?___fldiv                 cstackBANK0  0003E
?___flmul                 cstackBANK0  00024
?___flneg                 cstackCOMMON 00070
?___flsub                 cstackBANK0  00066
?___fltol                 cstackBANK0  00058
?___lldiv                 cstackCOMMON 00070
?___llmod                 cstackBANK0  00020
?___lwdiv                 cstackCOMMON 00076
?___lwmod                 cstackCOMMON 00070
?___wmul                  cstackCOMMON 00070
?___xxtofl                cstackCOMMON 00070
?__div_to_l_              cstackCOMMON 00070
?__tdiv_to_l_             cstackCOMMON 00070
?_fround                  cstackBANK0  0003E
?_scale                   cstackBANK0  0003E
?_sprintf                 cstackBANK1  000A0
Lcd_Cmd@a                 cstackCOMMON 00073
Lcd_Port@a                cstackCOMMON 00070
Lcd_Set_Cursor@a          cstackCOMMON 00077
Lcd_Set_Cursor@b          cstackCOMMON 00074
Lcd_Set_Cursor@temp       cstackCOMMON 0007A
Lcd_Set_Cursor@y          cstackCOMMON 00079
Lcd_Set_Cursor@z          cstackCOMMON 00078
Lcd_Write_Char@a          cstackCOMMON 00074
Lcd_Write_Char@temp       cstackCOMMON 00072
Lcd_Write_Char@y          cstackCOMMON 00073
Lcd_Write_String@a        cstackCOMMON 00078
Lcd_Write_String@i        cstackCOMMON 00076
_ADCON0                   (abs)        0001F
_ADCON0bits               (abs)        0001F
_ADCON1                   (abs)        0009F
_ADRESH                   (abs)        0001E
_ADRESL                   (abs)        0009E
_GO                       (abs)        000FA
_Lcd_Cmd                  text28       018EB
_Lcd_Init                 text27       01B47
_Lcd_Port                 text29       01926
_Lcd_Set_Cursor           text26       01A46
_Lcd_Write_Char           text25       01991
_Lcd_Write_String         text24       01905
_OPTION_REG               (abs)        00081
_RA0                      (abs)        00028
_RD2                      (abs)        00042
_RD3                      (abs)        00043
_RD4                      (abs)        00044
_RD5                      (abs)        00045
_RD6                      (abs)        00046
_RD7                      (abs)        00047
_TRISD                    (abs)        00088
__Habs1                   abs1         00000
__Hbank0                  bank0        00000
__Hbank1                  bank1        00000
__Hbank2                  bank2        00000
__Hbank3                  bank3        00000
__Hcinit                  cinit        00800
__Hclrtext                clrtext      00000
__Hcode                   code         00000
__Hcommon                 common       00000
__Hconfig                 config       02008
__HcstackBANK0            cstackBANK0  00000
__HcstackBANK1            cstackBANK1  00000
__HcstackCOMMON           cstackCOMMON 00000
__Heeprom_data            eeprom_data  00000
__Hend_init               end_init     00003
__Hfunctab                functab      00000
__Hidloc                  idloc        02004
__Hinit                   init         00000
__Hintentry               intentry     00000
__Hmaintext               maintext     00000
__Hpowerup                powerup      00000
__Hram                    ram          00000
__Hreset_vec              reset_vec    00000
__Hsfr0                   sfr0         00000
__Hsfr1                   sfr1         00000
__Hsfr2                   sfr2         00000
__Hsfr3                   sfr3         00000
__Hspace_0                (abs)        02000
__Hspace_1                (abs)        000E0
__Hspace_2                (abs)        00000
__Hspace_3                (abs)        00000
__Hspace_4                (abs)        0400F
__Hstack                  stack        00000
__Hstrings                strings      00000
__Htext                   text         00000
__Labs1                   abs1         00000
__Lbank0                  bank0        00000
__Lbank1                  bank1        00000
__Lbank2                  bank2        00000
__Lbank3                  bank3        00000
__Lcinit                  cinit        007FC
__Lclrtext                clrtext      00000
__Lcode                   code         00000
__Lcommon                 common       00000
__Lconfig                 config       00000
__LcstackBANK0            cstackBANK0  00000
__LcstackBANK1            cstackBANK1  00000
__LcstackCOMMON           cstackCOMMON 00000
__Leeprom_data            eeprom_data  00000
__Lend_init               end_init     00000
__Lfunctab                functab      00000
__Lidloc                  idloc        00000
__Linit                   init         00000
__Lintentry               intentry     00000
__Lmaintext               maintext     00000
__Lpowerup                powerup      00000
__Lram                    ram          00000
__Lreset_vec              reset_vec    00000
__Lsfr0                   sfr0         00000
__Lsfr1                   sfr1         00000
__Lsfr2                   sfr2         00000
__Lsfr3                   sfr3         00000
__Lspace_0                (abs)        00000
__Lspace_1                (abs)        00000
__Lspace_2                (abs)        00000
__Lspace_3                (abs)        00000
__Lspace_4                (abs)        00000
__Lstack                  stack        00000
__Lstrings                strings      00000
__Ltext                   text         00000
__S0                      (abs)        02000
__S1                      (abs)        000E0
__S3                      (abs)        00000
__Umul8_16                text10       01002
__Umul8_16@multiplicand   cstackCOMMON 00070
__Umul8_16@multiplier     cstackCOMMON 00078
__Umul8_16@product        cstackCOMMON 00074
__Umul8_16@word_mpld      cstackCOMMON 00076
___awdiv                  text4        01029
___awdiv@counter          cstackBANK0  00020
___awdiv@dividend         cstackCOMMON 00079
___awdiv@divisor          cstackCOMMON 00077
___awdiv@quotient         cstackBANK0  00022
___awdiv@sign             cstackBANK0  00021
___awmod                  text3        01AEE
___awmod@counter          cstackCOMMON 00075
___awmod@dividend         cstackCOMMON 00072
___awmod@divisor          cstackCOMMON 00070
___awmod@sign             cstackCOMMON 00076
___fladd                  text19       0129D
___fladd@a                cstackBANK0  00056
___fladd@aexp             cstackBANK0  00063
___fladd@b                cstackBANK0  00052
___fladd@bexp             cstackBANK0  00064
___fladd@grs              cstackBANK0  00065
___fladd@signs            cstackBANK0  00062
___fldiv                  text23       01E23
___fldiv@a                cstackBANK0  0003E
___fldiv@aexp             cstackBANK0  00057
___fldiv@b                cstackBANK0  00042
___fldiv@bexp             cstackBANK0  00056
___fldiv@grs              cstackBANK0  00052
___fldiv@new_exp          cstackBANK0  00050
___fldiv@rem              cstackBANK0  0004B
___fldiv@sign             cstackBANK0  0004F
___fleq                   text22       00003
___fleq@ff1               cstackCOMMON 00070
___fleq@ff2               cstackCOMMON 00074
___flge                   text21       01C0A
___flge@ff1               cstackCOMMON 00070
___flge@ff2               cstackCOMMON 00074
___flmul                  text9        00C9F
___flmul@a                cstackBANK0  00028
___flmul@aexp             cstackBANK0  00036
___flmul@b                cstackBANK0  00024
___flmul@bexp             cstackBANK0  00037
___flmul@grs              cstackBANK0  00032
___flmul@prod             cstackBANK0  00038
___flmul@sign             cstackBANK0  00031
___flmul@temp             cstackBANK0  0003C
___flneg                  text20       018CE
___flneg@f1               cstackCOMMON 00070
___flsub                  text18       01948
___flsub@a                cstackBANK0  00066
___flsub@b                cstackBANK0  0006A
___fltol                  text17       00806
___fltol@exp1             cstackBANK0  00062
___fltol@f1               cstackBANK0  00058
___fltol@sign1            cstackBANK0  00061
___int_sp                 stack        00000
___latbits                (abs)        00002
___lldiv                  text16       01BA4
___lldiv@counter          cstackCOMMON 0007D
___lldiv@dividend         cstackCOMMON 00074
___lldiv@divisor          cstackCOMMON 00070
___lldiv@quotient         cstackCOMMON 00079
___llmod                  text15       01A98
___llmod@counter          cstackBANK0  00029
___llmod@dividend         cstackBANK0  00024
___llmod@divisor          cstackBANK0  00020
___lwdiv                  text8        01A02
___lwdiv@counter          cstackCOMMON 0007D
___lwdiv@dividend         cstackCOMMON 00078
___lwdiv@divisor          cstackCOMMON 00076
___lwdiv@quotient         cstackCOMMON 0007B
___lwmod                  text7        019C8
___lwmod@counter          cstackCOMMON 00075
___lwmod@dividend         cstackCOMMON 00072
___lwmod@divisor          cstackCOMMON 00070
___sp                     stack        00000
___stackhi                (abs)        00000
___stacklo                (abs)        00000
___wmul                   text14       0196C
___wmul@multiplicand      cstackCOMMON 00072
___wmul@multiplier        cstackCOMMON 00070
___wmul@product           cstackCOMMON 00074
___xxtofl                 text13       01CAC
___xxtofl@arg             cstackCOMMON 0007A
___xxtofl@exp             cstackCOMMON 00079
___xxtofl@sign            cstackCOMMON 00078
___xxtofl@val             cstackCOMMON 00070
__div_to_l_               text12       00882
__div_to_l_@cntr          cstackBANK0  00024
__div_to_l_@exp1          cstackBANK0  00025
__div_to_l_@f1            cstackCOMMON 00070
__div_to_l_@f2            cstackCOMMON 00074
__div_to_l_@quot          cstackBANK0  00020
__end_of_Lcd_Cmd          text28       01905
__end_of_Lcd_Init         text27       01BA4
__end_of_Lcd_Port         text29       01948
__end_of_Lcd_Set_Cursor   text26       01A98
__end_of_Lcd_Write_Char   text25       019C8
__end_of_Lcd_Write_String text24       01926
__end_of__Umul8_16        text10       01029
__end_of___awdiv          text4        01092
__end_of___awmod          text3        01B47
__end_of___fladd          text19       01525
__end_of___fldiv          text23       02000
__end_of___fleq           text22       00051
__end_of___flge           text21       01CAC
__end_of___flmul          text9        01000
__end_of___flneg          text20       018D9
__end_of___flsub          text18       0196C
__end_of___fltol          text17       00882
__end_of___lldiv          text16       01C0A
__end_of___llmod          text15       01AEE
__end_of___lwdiv          text8        01A46
__end_of___lwmod          text7        01A02
__end_of___wmul           text14       01991
__end_of___xxtofl         text13       01D66
__end_of__div_to_l_       text12       00940
__end_of__initialization  cinit        007FC
__end_of__npowers_        strings      0186E
__end_of__powers_         strings      0183A
__end_of__stringtab       strings      01806
__end_of__tdiv_to_l_      text11       01E23
__end_of_dpowers          strings      01896
__end_of_fround           text6        0129D
__end_of_isdigit          text5        018EB
__end_of_main             maintext     0017A
__end_of_scale            text2        00C9F
__end_of_sprintf          text1_split_1 007FC
__initialization          cinit        007FC
__npowers_                strings      0183A
__pcstackBANK0            cstackBANK0  00020
__pcstackBANK1            cstackBANK1  000A0
__pcstackCOMMON           cstackCOMMON 00070
__pmaintext               maintext     00051
__powers_                 strings      01806
__pstrings                strings      01800
__ptext1                  text1        01525
__ptext10                 text10       01002
__ptext11                 text11       01D66
__ptext12                 text12       00882
__ptext13                 text13       01CAC
__ptext14                 text14       0196C
__ptext15                 text15       01A98
__ptext16                 text16       01BA4
__ptext17                 text17       00806
__ptext18                 text18       01948
__ptext19                 text19       0129D
__ptext2                  text2        00940
__ptext20                 text20       018CE
__ptext21                 text21       01C0A
__ptext22                 text22       00003
__ptext23                 text23       01E23
__ptext24                 text24       01905
__ptext25                 text25       01991
__ptext26                 text26       01A46
__ptext27                 text27       01B47
__ptext28                 text28       018EB
__ptext29                 text29       01926
__ptext3                  text3        01AEE
__ptext4                  text4        01029
__ptext5                  text5        018D9
__ptext6                  text6        01092
__ptext7                  text7        019C8
__ptext8                  text8        01A02
__ptext9                  text9        00C9F
__stringbase              strings      01805
__stringtab               strings      01800
__tdiv_to_l_              text11       01D66
__tdiv_to_l_@cntr         cstackBANK0  00024
__tdiv_to_l_@exp1         cstackBANK0  00025
__tdiv_to_l_@f1           cstackCOMMON 00070
__tdiv_to_l_@f2           cstackCOMMON 00074
__tdiv_to_l_@quot         cstackBANK0  00020
_dpowers                  strings      0186E
_fround                   text6        01092
_fround$841               cstackBANK0  0004D
_fround$842               cstackBANK0  00049
_isdigit                  text5        018D9
_isdigit$654              cstackCOMMON 00070
_main                     maintext     00051
_scale                    text2        00940
_scale$843                cstackBANK0  0004C
_sprintf                  text1        01525
_sprintf$844              cstackBANK1  000AA
btemp                     (abs)        0007E
end_of_initialization     cinit        007FC
fround@prec               cstackBANK0  00051
intlevel0                 functab      00000
intlevel1                 functab      00000
intlevel2                 functab      00000
intlevel3                 functab      00000
intlevel4                 functab      00000
intlevel5                 functab      00000
isdigit@c                 cstackCOMMON 00071
main@adc                  cstackBANK1  000DE
main@buffer1              cstackBANK1  000C8
main@num_huevos           cstackBANK1  000D8
main@peso                 cstackBANK1  000DA
pnum$text1                (abs)        00008
pnum$text1_split_1        (abs)        00027
psplit$0                  (abs)        80027
reset_vec                 reset_vec    00000
scale@scl                 cstackBANK0  00050
sprintf@ap                cstackBANK1  000AE
sprintf@c                 cstackBANK1  000C4
sprintf@eexp              cstackBANK1  000B7
sprintf@f                 cstackBANK1  000A0
sprintf@flag              cstackBANK1  000B9
sprintf@fval              cstackBANK1  000BD
sprintf@prec              cstackBANK1  000C1
sprintf@sp                cstackBANK1  000C3
sprintf@tmpval            cstackBANK1  000AF
sprintf@val               cstackBANK1  000B3
sprintf@width             cstackBANK1  000BB
start                     init         00000
start_initialization      cinit        007FC
wtemp0                    (abs)        0007E


MODULE INFORMATION

Module		Function		Class		Link	Load	Size
C:\Program Files\Microchip\xc8\v2.35\pic\sources\c90\common\fldivl.c
		__div_to_l_    		CODE           	0882	0000	190

C:\Program Files\Microchip\xc8\v2.35\pic\sources\c90\common\fldivl.c estimated size: 190

C:\Program Files\Microchip\xc8\v2.35\pic\sources\c90\common\awmod.c
		___awmod       		CODE           	1AEE	0000	89

C:\Program Files\Microchip\xc8\v2.35\pic\sources\c90\common\awmod.c estimated size: 89

C:\Program Files\Microchip\xc8\v2.35\pic\sources\c90\common\xxtofl.c
		___xxtofl      		CODE           	1CAC	0000	186

C:\Program Files\Microchip\xc8\v2.35\pic\sources\c90\common\xxtofl.c estimated size: 186

C:\Program Files\Microchip\xc8\v2.35\pic\sources\c90\common\llmod.c
		___llmod       		CODE           	1A98	0000	86

C:\Program Files\Microchip\xc8\v2.35\pic\sources\c90\common\llmod.c estimated size: 86

C:\Program Files\Microchip\xc8\v2.35\pic\sources\c90\common\lwdiv.c
		___lwdiv       		CODE           	1A02	0000	68

C:\Program Files\Microchip\xc8\v2.35\pic\sources\c90\common\lwdiv.c estimated size: 68

C:\Program Files\Microchip\xc8\v2.35\pic\sources\c90\common\fltol.c
		___fltol       		CODE           	0806	0000	124

C:\Program Files\Microchip\xc8\v2.35\pic\sources\c90\common\fltol.c estimated size: 124

C:\Program Files\Microchip\xc8\v2.35\pic\sources\c90\common\fleq.c
		___fleq        		CODE           	0003	0000	78

C:\Program Files\Microchip\xc8\v2.35\pic\sources\c90\common\fleq.c estimated size: 78

C:\Program Files\Microchip\xc8\v2.35\pic\sources\c90\common\doprnt.c
		_scale         		CODE           	0940	0000	863
		_sprintf       		CODE           	1525	0000	2397
		_fround        		CODE           	1092	0000	523

C:\Program Files\Microchip\xc8\v2.35\pic\sources\c90\common\doprnt.c estimated size: 3783

C:\Program Files\Microchip\xc8\v2.35\pic\sources\c90\common\awdiv.c
		___awdiv       		CODE           	1029	0000	105

C:\Program Files\Microchip\xc8\v2.35\pic\sources\c90\common\awdiv.c estimated size: 105

C:\Program Files\Microchip\xc8\v2.35\pic\sources\c90\common\sprcmul.c
		___flmul       		CODE           	0C9F	0000	865

C:\Program Files\Microchip\xc8\v2.35\pic\sources\c90\common\sprcmul.c estimated size: 865

C:\Program Files\Microchip\xc8\v2.35\pic\sources\c90\common\__lldiv.c
		___lldiv       		CODE           	1BA4	0000	102

C:\Program Files\Microchip\xc8\v2.35\pic\sources\c90\common\__lldiv.c estimated size: 102

C:\Program Files\Microchip\xc8\v2.35\pic\sources\c90\common\flneg.c
		___flneg       		CODE           	18CE	0000	11

C:\Program Files\Microchip\xc8\v2.35\pic\sources\c90\common\flneg.c estimated size: 11

C:\Program Files\Microchip\xc8\v2.35\pic\sources\c90\common\sprcdiv.c
		___fldiv       		CODE           	1E23	0000	477

C:\Program Files\Microchip\xc8\v2.35\pic\sources\c90\common\sprcdiv.c estimated size: 477

shared
		__stringtab    		STRING         	1800	0000	6
		__powers_      		STRING         	1806	0000	52
		_dpowers       		STRING         	186E	0000	40
		__npowers_     		STRING         	183A	0000	52
		__initialization		CODE           	07FC	0000	1

shared estimated size: 151

C:\Program Files\Microchip\xc8\v2.35\pic\sources\c90\common\ftdivl.c
		__tdiv_to_l_   		CODE           	1D66	0000	189

C:\Program Files\Microchip\xc8\v2.35\pic\sources\c90\common\ftdivl.c estimated size: 189

C:\Program Files\Microchip\xc8\v2.35\pic\sources\c90\common\Umul16.c
		___wmul        		CODE           	196C	0000	37

C:\Program Files\Microchip\xc8\v2.35\pic\sources\c90\common\Umul16.c estimated size: 37

C:\Program Files\Microchip\xc8\v2.35\pic\sources\c90\common\Umul8_16.c
		__Umul8_16     		CODE           	1002	0000	39

C:\Program Files\Microchip\xc8\v2.35\pic\sources\c90\common\Umul8_16.c estimated size: 39

lcd.c
		_Lcd_Write_String		CODE           	1905	0000	33
		_Lcd_Init      		CODE           	1B47	0000	93
		_Lcd_Write_Char		CODE           	1991	0000	55
		_Lcd_Cmd       		CODE           	18EB	0000	26
		_Lcd_Set_Cursor		CODE           	1A46	0000	82
		_Lcd_Port      		CODE           	1926	0000	34

lcd.c estimated size: 323

C:\Program Files\Microchip\xc8\v2.35\pic\sources\c90\common\flge.c
		___flge        		CODE           	1C0A	0000	162

C:\Program Files\Microchip\xc8\v2.35\pic\sources\c90\common\flge.c estimated size: 162

C:\Program Files\Microchip\xc8\v2.35\pic\sources\c90\common\lwmod.c
		___lwmod       		CODE           	19C8	0000	58

C:\Program Files\Microchip\xc8\v2.35\pic\sources\c90\common\lwmod.c estimated size: 58

../../Documents/Ejemplos_lcd_teclado_adc/Manejo_adc/newmain.c
		_main          		CODE           	0051	0000	297

../../Documents/Ejemplos_lcd_teclado_adc/Manejo_adc/newmain.c estimated size: 297

C:\Program Files\Microchip\xc8\v2.35\pic\sources\c90\common\isdigit.c
		_isdigit       		CODE           	18D9	0000	18

C:\Program Files\Microchip\xc8\v2.35\pic\sources\c90\common\isdigit.c estimated size: 18

C:\Program Files\Microchip\xc8\v2.35\pic\sources\c90\common\sprcadd.c
		___flsub       		CODE           	1948	0000	36
		___fladd       		CODE           	129D	0000	648

C:\Program Files\Microchip\xc8\v2.35\pic\sources\c90\common\sprcadd.c estimated size: 684

